// Jest Snapshot v1, https://goo.gl/fbAQLP

exports[`<TimeLine /> renders with activeYear passed to it 1`] = `
ShallowWrapper {
  "complexSelector": ComplexSelector {
    "buildPredicate": [Function],
    "childrenOfNode": [Function],
    "findWhereUnwrapped": [Function],
  },
  "length": 1,
  "node": <withRouter(TimeLine)
    activeYear="1994"
  />,
  "nodes": Array [
    <withRouter(TimeLine)
      activeYear="1994"
    />,
  ],
  "options": Object {
    "context": Object {},
  },
  "renderer": ReactShallowRenderer {
    "_instance": ShallowComponentWrapper {
      "_calledComponentWillUnmount": false,
      "_compositeType": 0,
      "_context": Object {},
      "_currentElement": <MockRouter
        createHref={[Function]}
        location=""
        params={
          Object {
            "year": "1994",
          }
        }
        path=""
        push={[Function]}
        replace={[Function]}
        url=""
      >
        <withRouter(TimeLine)
          activeYear="1994"
        />
      </MockRouter>,
      "_debugID": 118,
      "_hostContainerInfo": null,
      "_hostParent": null,
      "_instance": MockRouter {
        "_reactInternalInstance": [Circular],
        "context": Object {},
        "props": Object {
          "children": <withRouter(TimeLine)
            activeYear="1994"
          />,
          "createHref": [Function],
          "location": "",
          "params": Object {
            "year": "1994",
          },
          "path": "",
          "push": [Function],
          "replace": [Function],
          "url": "",
        },
        "refs": Object {},
        "state": null,
        "updater": Object {
          "enqueueCallback": [Function],
          "enqueueCallbackInternal": [Function],
          "enqueueElementInternal": [Function],
          "enqueueForceUpdate": [Function],
          "enqueueReplaceState": [Function],
          "enqueueSetState": [Function],
          "isMounted": [Function],
          "validateCallback": [Function],
        },
      },
      "_mountOrder": 1,
      "_pendingCallbacks": null,
      "_pendingElement": null,
      "_pendingForceUpdate": false,
      "_pendingReplaceState": false,
      "_pendingStateQueue": null,
      "_renderedComponent": NoopInternalComponent {
        "_currentElement": <withRouter(TimeLine)
          activeYear="1994"
        />,
        "_debugID": 119,
        "_renderedOutput": <withRouter(TimeLine)
          activeYear="1994"
        />,
      },
      "_renderedNodeType": 1,
      "_rootNodeID": 0,
      "_topLevelWrapper": null,
      "_updateBatchNumber": null,
      "_warnedAboutRefsInRender": false,
    },
    "getRenderOutput": [Function],
    "render": [Function],
  },
  "root": [Circular],
  "unrendered": <MockRouter
    createHref={[Function]}
    location=""
    params={
      Object {
        "year": "1994",
      }
    }
    path=""
    push={[Function]}
    replace={[Function]}
    url=""
  >
    <withRouter(TimeLine)
      activeYear="1994"
    />
  </MockRouter>,
}
`;
